{
  "status": "PASS",
  "criteria": {
    "utility_v3_5_pass_precondition": true,
    "market_panel_gate_pass": true,
    "panel_pool_230": true,
    "sleeper_half_ppr_pool_adp_ge_200": true,
    "identity_unique_player_keys": true,
    "identity_unresolved_count_zero": true,
    "hard_exclusions_valid": true,
    "material_watches_dated_or_explicit_unknown": true,
    "health_role_hash_present": true,
    "manager_profile_hash_present": true,
    "k_dst_calibration_present": true,
    "research_residual_shadow_only": true
  },
  "adp_count": 230,
  "unresolved": 0,
  "package_sha256": "5339a37d275505f2a3a6fe0b84785f435d840d02cc7472a2b8bd934244e884fd"
}
