{
  "status": "PASS",
  "oos": {
    "2024": {
      "n": 258,
      "mae_bridge": 2.905577509726999,
      "mae_position_only": 3.70075993627713,
      "pearson": 0.6994658430166999,
      "spearman": 0.671300991933186
    },
    "2025": {
      "n": 261,
      "mae_bridge": 2.806900026564504,
      "mae_position_only": 3.692381150053609,
      "pearson": 0.6985360368573695,
      "spearman": 0.6725458665681826
    }
  },
  "criteria": {
    "four_historical_years": true,
    "oos_2024_n_ge_110": true,
    "oos_2025_n_ge_110": true,
    "bridge_beats_position_baseline_2024": true,
    "bridge_beats_position_baseline_2025": true,
    "spearman_positive_2024": true,
    "spearman_positive_2025": true,
    "forecast_coverage_ge_220": true,
    "selected_panel_not_used_in_fit": true
  },
  "forecast_count": 230
}
