{
  "schema": 1,
  "status": "FAIL_CLOSED",
  "expected_numbered_rc459_app_sha256": "1de9c6dcbd39bec35dffd2b43575260da6601abf3a9a29fe329ffeb8a4065fa3",
  "research_branch_app_sha256": "4b05012336b87065f8a1a29257dfb1f01c254767699d077f460c189644a0d8a4",
  "whole_app_equal": false,
  "manager_profile_hash": "c5f601051850185b81801aaaa3efe554d9214f6cfa15999a0beec6cb0b192493",
  "checks": {
    "simCandidateWeight": true,
    "simulateReturnV2": false,
    "scoreCandidate": true,
    "applyResolvedReturnScore": true,
    "applyPlayerQualitySafetyGate": true,
    "managerHistoryPosMult": true,
    "candidateManagerMod": true,
    "specialPositionHazard": true,
    "rosterState": true,
    "manager_profile_source_hash": true
  },
  "function_sha256": {
    "simCandidateWeight": "41f03730d268b68c0cb89f3dc89fa97b5b2b061ab0eb5646cf98809e84753f4e",
    "simulateReturnV2": "c8fc1a72adbcc9e728dcfa477f8fe8fff1474336966b32a5793733c1f7c36b0f",
    "scoreCandidate": "489b94cdc75aeb70b12c6c81a4a99aedb38eba04e3a4132dcaee2c1bd66de207",
    "applyResolvedReturnScore": "0d24f8f83a0a3a07faac263eb98d4c3d1090b940591e335b1a59153ee66198cd",
    "applyPlayerQualitySafetyGate": "fada37d249940322e08f3466f358009b0af3ef732c69ec8c4a29706db2cf0c99",
    "managerHistoryPosMult": "75b0932d589020c8db8fadec9383009ae96b3ea3dfa1ae48985fdf9649346611",
    "candidateManagerMod": "669f31609238e2095d08208adedc186c14c578d3cb518c65a8692a0cd121cd3f",
    "specialPositionHazard": "fff67a6125266ad042a88b5b64dcd2ebaa2571ee5a62cfd49ab2f28a8560fb4a",
    "rosterState": "1c6b091689cfcc884d0b407e16f4be6c8d4fd25cfbd50eec380c04275181a77a"
  },
  "expected_function_sha256": {
    "simCandidateWeight": "41f03730d268b68c0cb89f3dc89fa97b5b2b061ab0eb5646cf98809e84753f4e",
    "simulateReturnV2": "f0c812ff20b4cb4558c9c186869189bcdb9ca837ac5ff764d20a98530d38a8cc",
    "scoreCandidate": "489b94cdc75aeb70b12c6c81a4a99aedb38eba04e3a4132dcaee2c1bd66de207",
    "applyResolvedReturnScore": "0d24f8f83a0a3a07faac263eb98d4c3d1090b940591e335b1a59153ee66198cd",
    "applyPlayerQualitySafetyGate": "fada37d249940322e08f3466f358009b0af3ef732c69ec8c4a29706db2cf0c99",
    "managerHistoryPosMult": "75b0932d589020c8db8fadec9383009ae96b3ea3dfa1ae48985fdf9649346611",
    "candidateManagerMod": "669f31609238e2095d08208adedc186c14c578d3cb518c65a8692a0cd121cd3f",
    "specialPositionHazard": "fff67a6125266ad042a88b5b64dcd2ebaa2571ee5a62cfd49ab2f28a8560fb4a",
    "rosterState": "1c6b091689cfcc884d0b407e16f4be6c8d4fd25cfbd50eec380c04275181a77a"
  },
  "interpretation": "PASS permits research harnesses to reuse these exact verified functions/data from branch app.js; it does not assert whole-runtime rc4.59 identity."
}
