{
  "status": "FAIL_CLOSED",
  "freeze_package_sha256": "5339a37d275505f2a3a6fe0b84785f435d840d02cc7472a2b8bd934244e884fd",
  "runs_per_branch": 400,
  "pair_count": 4,
  "cell_count": 36,
  "min_eligible_branch_runs": 21,
  "policy_ranking_certified": false
}
{
  "status": "PASS",
  "freeze_package_sha256": "5339a37d275505f2a3a6fe0b84785f435d840d02cc7472a2b8bd934244e884fd",
  "runs_per_branch": 400,
  "pair_count": 4,
  "cell_count": 36,
  "adequacy_threshold_runs": 32,
  "min_material_exposure": 0.08,
  "cells_adequate": 36,
  "cells_total": 36,
  "qualified_branches": 198,
  "rare_or_low_n_branches": 18,
  "policy_ranking_certified": false
}
